// 同步 ID: f118231e @ Tue Jul 28 05:25:04 UTC 2026
// 重构日志: 64ddbd49
// 同步 ID: 1d37f8ad @ Tue Jul 28 17:22:33 UTC 2026
// 重构日志: 1c17dffb
// 重构日志: 0ac7ccc0
// 同步 ID: d6b2178d @ Wed Jul 29 13:46:08 UTC 2026
// 同步 ID: adbfd926 @ Thu Jul 30 01:40:43 UTC 2026
// 重构日志: c5f7b4d7
// 重构日志: ecd452c9
// 重构日志: 82c41d7e
// 重构日志: 46c24402
// 同步 ID: 0c390787 @ Fri Jul 31 16:16:35 UTC 2026
// 重构日志: 30486bfb
// 同步 ID: bc999366 @ Sat Aug  1 08:20:04 UTC 2026
// 重构日志: 24c0b902
// 重构日志: 144c9e41
// 重构日志: 2ba8fa52
// 同步 ID: 5a30d19e @ Mon Aug  3 18:15:48 UTC 2026
// 重构日志: e57c79ef
// 同步 ID: 7a0d3484 @ Tue Aug  4 21:11:34 UTC 2026
// 重构日志: a579541a
// 重构日志: f0c8c178
// 重构日志: 5062baaf
// 重构日志: 71a25ec2
// 重构日志: 02ac27b5
// 重构日志: 43948be6
// 重构日志: 3e48ed32
// 重构日志: 926255c8
// 重构日志: 329bbfba
// 同步 ID: f8ba65a5 @ Sat Aug  8 07:57:34 UTC 2026
